// Jest Snapshot v1, https://goo.gl/fbAQLP

exports[`renders signin correctly 1`] = `
<div>
  <h1>
    Sign In
  </h1>
  <form
    onSubmit={[Function]}
  >
    <label>
      Email
      <input
        name="email"
        onChange={[Function]}
        type="text"
      />
    </label>
    <label>
      Password
      <input
        name="password"
        onChange={[Function]}
        type="text"
      />
    </label>
    <input
      type="submit"
    />
  </form>
</div>
`;
